gpl.cpp::main()
  input file(tests/t025.gpl)
  random seed(42)
  read_keypresses_from_standard_input(false)
  dump_pixels(false)
  symbol_table(true)
  graphics(false)

gpl.cpp::main() Calling yyparse()


gpl.cpp::main() after call to yyparse().

No errors found (parser probably worked correctly).


Printing the symbol table from main()
int b = 1
int c = 0
int d = 0
int e = -1
int f = 0
int g = 0
int h = 0
int i = 0
int j = 0
int k = 0
Graphics is turned off by the Makefile.  Program exiting.

gpl.cpp::main() done.
