gpl.cpp::main()
  input file(tests/t054.gpl)
  random seed(42)
  read_keypresses_from_standard_input(false)
  dump_pixels(false)
  symbol_table(true)
  graphics(false)

gpl.cpp::main() Calling yyparse()


gpl.cpp::main() after call to yyparse().

No errors found (parser probably worked correctly).


Printing the symbol table from main()
int a = 1
int b = -2
int c = -2
int d = -3
int e = -2
int f = -3
Graphics is turned off by the Makefile.  Program exiting.

gpl.cpp::main() done.
