gpl.cpp::main()
  input file(tests/t075.gpl)
  random seed(42)
  read_keypresses_from_standard_input(false)
  dump_pixels(false)
  symbol_table(true)
  graphics(false)

gpl.cpp::main() Calling yyparse()


gpl.cpp::main() after call to yyparse().

No errors found (parser probably worked correctly).


Printing the symbol table from main()
double x1 = 76.6044
double x2 = 64.2788
double x3 = 83.91
double x4 = 8856.79
double x5 = 4012.3
double x6 = 4012.3
double x7 = 632.456
Graphics is turned off by the Makefile.  Program exiting.

gpl.cpp::main() done.
