gpl.cpp::main()
  input file(tests/t712.gpl)
  random seed(42)
  read_keypresses_from_standard_input(false)
  dump_pixels(false)
  symbol_table(true)
  graphics(false)

gpl.cpp::main() Calling yyparse()


gpl.cpp::main() after call to yyparse().

No errors found (parser probably worked correctly).


Printing the symbol table from main()
int and_or12 = 1
int and_or15 = 1
int and_or16 = 1
int and_or19 = 1
int and_or24 = 1
int and_or27 = 1
Graphics is turned off by the Makefile.  Program exiting.

gpl.cpp::main() done.
