<T_KEYWORD, 'int'>
<T_IDENTIFIER, 'main'>
<T_DELIMITER, '('>
<T_DELIMITER, ')'>
<T_DELIMITER, '{'>
<T_KEYWORD, 'string'>
<T_IDENTIFIER, 'str'>
<T_OPERATOR, '='>
<T_STRING_LIT, '"hello, world!"'>
<T_DELIMITER, ';'>
<T_KEYWORD, 'int'>
<T_IDENTIFIER, 'index'>
<T_OPERATOR, '='>
<T_NUMBER, '0'>
<T_DELIMITER, ';'>
<T_KEYWORD, 'while'>
<T_DELIMITER, '('>
<T_IDENTIFIER, 'index'>
<T_OPERATOR, '<'>
<T_NUMBER, '13'>
<T_DELIMITER, ')'>
<T_DELIMITER, '{'>
<T_KEYWORD, 'printf'>
<T_DELIMITER, '('>
<T_STRING_LIT, '"%c\n"'>
<T_DELIMITER, ','>
<T_IDENTIFIER, 'str'>
<T_DELIMITER, '['>
<T_IDENTIFIER, 'index'>
<T_DELIMITER, ']'>
<T_DELIMITER, ')'>
<T_DELIMITER, ';'>
<T_IDENTIFIER, 'index'>
<T_OPERATOR, '='>
<T_IDENTIFIER, 'index'>
<T_OPERATOR, '+'>
<T_NUMBER, '1'>
<T_DELIMITER, ';'>
<T_DELIMITER, '}'>
<T_KEYWORD, 'return'>
<T_NUMBER, '0'>
<T_DELIMITER, ';'>
<T_DELIMITER, '}'>
