<T_KEYWORD, 'int'>
<T_IDENTIFIER, 'main'>
<T_DELIMITER, '('>
<T_DELIMITER, ')'>
<T_DELIMITER, '{'>
<T_KEYWORD, 'int'>
<T_IDENTIFIER, 'sum'>
<T_OPERATOR, '='>
<T_NUMBER, '0'>
<T_DELIMITER, ';'>
<T_KEYWORD, 'float'>
<T_IDENTIFIER, 'avg'>
<T_DELIMITER, ';'>
<T_KEYWORD, 'int'>
<T_IDENTIFIER, 'a'>
<T_OPERATOR, '='>
<T_NUMBER, '5'>
<T_DELIMITER, ';'>
<T_KEYWORD, 'int'>
<T_IDENTIFIER, 'b'>
<T_OPERATOR, '='>
<T_NUMBER, '10'>
<T_DELIMITER, ';'>
<T_IDENTIFIER, 'sum'>
<T_OPERATOR, '='>
<T_IDENTIFIER, 'a'>
<T_OPERATOR, '+'>
<T_IDENTIFIER, 'b'>
<T_DELIMITER, ';'>
<T_IDENTIFIER, 'avg'>
<T_OPERATOR, '='>
<T_IDENTIFIER, 'sum'>
<T_OPERATOR, '/'>
<T_NUMBER, '2.0'>
<T_DELIMITER, ';'>
<T_KEYWORD, 'if'>
<T_DELIMITER, '('>
<T_IDENTIFIER, 'a'>
<T_OPERATOR, '=='>
<T_IDENTIFIER, 'b'>
<T_DELIMITER, ')'>
<T_DELIMITER, '{'>
<T_KEYWORD, 'return'>
<T_NUMBER, '0'>
<T_DELIMITER, ';'>
<T_DELIMITER, '}'>
<T_KEYWORD, 'else'>
<T_DELIMITER, '{'>
<T_KEYWORD, 'return'>
<T_NUMBER, '1'>
<T_DELIMITER, ';'>
<T_DELIMITER, '}'>
<T_DELIMITER, '}'>
