<T_KEYWORD, 'int'>
<T_IDENTIFIER, 'a'>
<T_OPERATOR, '='>
<T_NUMBER, '123'>
<T_DELIMITER, ';'>
<T_KEYWORD, 'float'>
<T_IDENTIFIER, 'b'>
<T_OPERATOR, '='>
<T_NUMBER, '4.56'>
<T_DELIMITER, ';'>
<T_KEYWORD, 'char'>
<T_IDENTIFIER, 'c'>
<T_OPERATOR, '='>
<T_CHAR_LIT, ''7''>
<T_DELIMITER, ';'>
<T_KEYWORD, 'int'>
<T_IDENTIFIER, 'x'>
<T_OPERATOR, '='>
<T_NUMBER, '5'>
<T_OPERATOR, '+'>
<T_NUMBER, '10'>
<T_DELIMITER, ';'>
<T_IDENTIFIER, 'x'>
<T_OPERATOR, '='>
<T_IDENTIFIER, 'x'>
<T_OPERATOR, '*'>
<T_NUMBER, '3'>
<T_OPERATOR, '/'>
<T_NUMBER, '2'>
<T_OPERATOR, '-'>
<T_NUMBER, '1'>
<T_DELIMITER, ';'>
<T_KEYWORD, 'char'>
<T_IDENTIFIER, 'ch'>
<T_OPERATOR, '='>
<T_CHAR_LIT, ''a''>
<T_DELIMITER, ';'>
<T_KEYWORD, 'string'>
<T_IDENTIFIER, 'str'>
<T_OPERATOR, '='>
<T_STRING_LIT, '"Hello, World!"'>
<T_DELIMITER, ';'>
