<T_KEYWORD, 'int'>
<T_IDENTIFIER, 'a'>
<T_OPERATOR, '='>
<T_NUMBER, '1'>
<T_DELIMITER, ';'>
<T_KEYWORD, 'int'>
<T_IDENTIFIER, 'b'>
<T_OPERATOR, '='>
<T_NUMBER, '1000000'>
<T_DELIMITER, ';'>
<T_KEYWORD, 'float'>
<T_IDENTIFIER, 'c'>
<T_OPERATOR, '='>
<T_NUMBER, '1.0'>
<T_DELIMITER, ';'>
<T_KEYWORD, 'float'>
<T_IDENTIFIER, 'd'>
<T_OPERATOR, '='>
<T_NUMBER, '1.1'>
<T_DELIMITER, ';'>
