<T_KEYWORD, 'int'>
<T_IDENTIFIER, 'sum'>
<T_OPERATOR, '='>
<T_IDENTIFIER, 'a'>
<T_OPERATOR, '+'>
<T_IDENTIFIER, 'b'>
<T_DELIMITER, ';'>
<T_KEYWORD, 'float'>
<T_IDENTIFIER, 'avg'>
<T_OPERATOR, '='>
<T_IDENTIFIER, 'sum'>
<T_OPERATOR, '/'>
<T_NUMBER, '2'>
<T_DELIMITER, ';'>
<T_KEYWORD, 'if'>
<T_DELIMITER, '('>
<T_IDENTIFIER, 'a'>
<T_OPERATOR, '=='>
<T_IDENTIFIER, 'b'>
<T_DELIMITER, ')'>
<T_DELIMITER, '{'>
<T_KEYWORD, 'return'>
<T_IDENTIFIER, 'a'>
<T_OPERATOR, '+'>
<T_NUMBER, '1'>
<T_DELIMITER, ';'>
<T_DELIMITER, '}'>
